
> ncsintranet-frontend@1.0.0 build
> vite build

vite v5.4.21 building for production...
transforming...
✓ 281 modules transformed.
rendering chunks...
computing gzip size...
dist/index.html                                                        1.55 kB │ gzip:   0.70 kB
dist/assets/main-logo-CumehH0t.png                                   250.94 kB
dist/assets/ThemeToggle-VA284yQS.css                                   0.16 kB │ gzip:   0.14 kB
dist/assets/LayoutDefault-BkWPqk3Q.css                                 0.18 kB │ gzip:   0.14 kB
dist/assets/SearchableSelect-D0SeLlgI.css                              0.18 kB │ gzip:   0.14 kB
dist/assets/AdminFormsView-Cbd1_bXp.css                                0.21 kB │ gzip:   0.14 kB
dist/assets/SmartUpdatesView-Cv4FNJdX.css                              0.21 kB │ gzip:   0.14 kB
dist/assets/DynamicPortalFormView-BxqAg1K3.css                         0.21 kB │ gzip:   0.14 kB
dist/assets/ITPPDAListView-8DcWFyPH.css                                0.27 kB │ gzip:   0.16 kB
dist/assets/ReceptionistVisitorView-Dil0ZzAX.css                       0.28 kB │ gzip:   0.17 kB
dist/assets/StorageSettingsView-B3pmVXXz.css                           0.45 kB │ gzip:   0.26 kB
dist/assets/FixedAssetsView-754Uzt2Y.css                               0.48 kB │ gzip:   0.29 kB
dist/assets/Modal-scKGzM-G.css                                         0.56 kB │ gzip:   0.19 kB
dist/assets/AdminFormSubmissionsView-CLp0YaHw.css                      0.65 kB │ gzip:   0.20 kB
dist/assets/CMSView-B8l9gU74.css                                       0.76 kB │ gzip:   0.36 kB
dist/assets/BackupsView-CII8aN56.css                                   1.05 kB │ gzip:   0.36 kB
dist/assets/PageBuilderView-BtrA11Cy.css                               1.38 kB │ gzip:   0.46 kB
dist/assets/SecuritySettingsView-D2kXRIFa.css                          1.83 kB │ gzip:   0.52 kB
dist/assets/index-FUS3Vc1R.css                                       107.62 kB │ gzip:  19.13 kB
dist/assets/_plugin-vue_export-helper-DlAUqK2U.js                      0.09 kB │ gzip:   0.10 kB
dist/assets/security-8jvGCbvy.js                                       1.04 kB │ gzip:   0.46 kB
dist/assets/ThemeToggle-BNdH8PBb.js                                    1.37 kB │ gzip:   0.75 kB
dist/assets/AcceptOrganisationInviteView-CdiaaVLZ.js                   1.65 kB │ gzip:   0.95 kB
dist/assets/Modal-BPE2KIHM.js                                          2.23 kB │ gzip:   1.13 kB
dist/assets/forms-4lgRr2CN.js                                          2.39 kB │ gzip:   0.79 kB
dist/assets/MyActivitiesView-BmBzYnIs.js                               3.79 kB │ gzip:   1.77 kB
dist/assets/cms-CajT8fEA.js                                            4.43 kB │ gzip:   1.00 kB
dist/assets/DropzoneUpload-Dz37yaN7.js                                 4.65 kB │ gzip:   1.90 kB
dist/assets/SearchableSelect-DRNrsY02.js                               5.22 kB │ gzip:   2.15 kB
dist/assets/HumanResourcesReportView-qoJKOuHy.js                       5.88 kB │ gzip:   2.19 kB
dist/assets/FinanceAccountsReportView-BswA-VAN.js                      5.92 kB │ gzip:   2.21 kB
dist/assets/TechnicalSportsReportView-CAAmO_5d.js                      5.93 kB │ gzip:   2.16 kB
dist/assets/EngineeringReportView-C6_51VqG.js                          5.94 kB │ gzip:   2.20 kB
dist/assets/LegalLogisticsReportView-BmPGZqtx.js                       5.94 kB │ gzip:   2.20 kB
dist/assets/MedicalScienceReportView-ByD702jZ.js                       5.96 kB │ gzip:   2.22 kB
dist/assets/GovernanceDashboardView-mMwaq_MB.js                        6.00 kB │ gzip:   2.46 kB
dist/assets/InsightsDashboardView-7Xe0IjNS.js                          6.05 kB │ gzip:   2.60 kB
dist/assets/LoginView-B3dGuajn.js                                      6.28 kB │ gzip:   2.57 kB
dist/assets/ReceptionistLeaveStatusView-DhEm64sx.js                    6.56 kB │ gzip:   2.45 kB
dist/assets/ReceptionistReportsView-5Uakuz2T.js                        7.29 kB │ gzip:   2.43 kB
dist/assets/SportsMedicalDashboard-gAda9sT6.js                         8.37 kB │ gzip:   2.76 kB
dist/assets/FleetTransportDashboard-BUTHvaxe.js                        8.40 kB │ gzip:   2.77 kB
dist/assets/FacilitiesManagementDashboard-D9defJgw.js                  8.45 kB │ gzip:   2.76 kB
dist/assets/StoresInventoryDashboard--P07GeAx.js                       8.67 kB │ gzip:   2.87 kB
dist/assets/LegalComplianceDashboard-tW0Hnw7W.js                       8.68 kB │ gzip:   2.81 kB
dist/assets/DynamicPortalFormView-DtIfifbM.js                          9.26 kB │ gzip:   3.37 kB
dist/assets/ReportingWorkspaceView-BLBpjpJ4.js                         9.78 kB │ gzip:   3.50 kB
dist/assets/SecuritySettingsView-Di7r-HyO.js                           9.96 kB │ gzip:   3.47 kB
dist/assets/AdminFormSubmissionsView-BM4QNSO_.js                      10.02 kB │ gzip:   3.33 kB
dist/assets/RegisterView-Bj2Ka2-y.js                                  10.78 kB │ gzip:   3.22 kB
dist/assets/AssistantGeneralSecretaryTechnicalDashboard-CHo6fh-e.js   10.87 kB │ gzip:   3.58 kB
dist/assets/ApplicantPortalView-BCpLEtMB.js                           11.63 kB │ gzip:   4.07 kB
dist/assets/ApplicationsView-DygmGrAZ.js                              12.12 kB │ gzip:   4.32 kB
dist/assets/AssistantGeneralSecretaryAdminDashboard-OFxSb4cn.js       12.24 kB │ gzip:   3.76 kB
dist/assets/StorageSettingsView-DTygcHoR.js                           12.45 kB │ gzip:   3.54 kB
dist/assets/VisitorInitiateView-CImJKU72.js                           12.90 kB │ gzip:   3.55 kB
dist/assets/ProfileView-DMKngn6j.js                                   13.04 kB │ gzip:   4.07 kB
dist/assets/GeneralSecretaryAppraisalView-BPYP0k2h.js                 14.10 kB │ gzip:   3.73 kB
dist/assets/NSMISRegistryView-01wDdokI.js                             14.24 kB │ gzip:   4.89 kB
dist/assets/SmartUpdatesView-UAy79RKS.js                              14.26 kB │ gzip:   4.53 kB
dist/assets/RolesView-BApqixvw.js                                     15.40 kB │ gzip:   4.99 kB
dist/assets/InfrastructureCommandCenterView-Dpo8ALkN.js               17.02 kB │ gzip:   5.07 kB
dist/assets/MaintenanceView-BMTiiCGd.js                               17.44 kB │ gzip:   5.57 kB
dist/assets/AuditLogsView-CuUNS5km.js                                 17.84 kB │ gzip:   5.17 kB
dist/assets/ReceptionistVisitorView-CPephhC9.js                       18.25 kB │ gzip:   5.22 kB
dist/assets/ApplicantLicensePortalView-CU__XLIF.js                    19.88 kB │ gzip:   5.66 kB
dist/assets/PageBuilderView-N0SQmkpo.js                               20.59 kB │ gzip:   6.95 kB
dist/assets/UsersView-CtLKD-1E.js                                     24.96 kB │ gzip:   7.62 kB
dist/assets/ITPPDAListView-C34x3z7I.js                                25.24 kB │ gzip:   6.88 kB
dist/assets/LayoutDefault-XwC1wvNL.js                                 27.61 kB │ gzip:   7.08 kB
dist/assets/FixedAssetsView-C0Vc17t7.js                               29.79 kB │ gzip:   7.74 kB
dist/assets/ReceptionistLeaveApplyView-BOtoy3ox.js                    31.86 kB │ gzip:   7.12 kB
dist/assets/ITPPDAInitiateView-0wLxlYG3.js                            34.31 kB │ gzip:   8.31 kB
dist/assets/DashboardEntryView-mLh2vuCg.js                            42.43 kB │ gzip:   9.01 kB
dist/assets/AdminFormsView-u03pRh-0.js                                55.77 kB │ gzip:  18.76 kB
dist/assets/BackupsView-BrWCGnAc.js                                   91.03 kB │ gzip:  25.24 kB
dist/assets/index-3x5REVHK.js                                        178.61 kB │ gzip:  67.40 kB
dist/assets/CMSView-B3YIKt49.js                                      442.77 kB │ gzip: 120.95 kB
✓ built in 23.09s
