 Image ncsintranet-backend Building 
 Image ncsintranet-frontend Building 
#1 [internal] load local bake definitions
#1 reading from stdin 1.00kB done
#1 DONE 0.0s

#2 [backend internal] load build definition from Dockerfile
#2 transferring dockerfile: 1.92kB done
#2 DONE 0.0s

#3 [frontend internal] load build definition from Dockerfile
#3 transferring dockerfile: 355B done
#3 DONE 0.0s

#4 [frontend internal] load metadata for docker.io/library/node:22-alpine
#4 ...

#5 [backend internal] load metadata for docker.io/library/golang:1.25-alpine
#5 DONE 0.4s

#6 [frontend internal] load metadata for docker.io/library/nginx:1.27-alpine
#6 DONE 0.4s

#4 [frontend internal] load metadata for docker.io/library/node:22-alpine
#4 DONE 0.4s

#7 [backend internal] load metadata for docker.io/library/alpine:3.21
#7 DONE 0.4s

#8 [backend internal] load .dockerignore
#8 transferring context: 2B done
#8 DONE 0.0s

#9 [frontend internal] load .dockerignore
#9 transferring context: 78B done
#9 DONE 0.0s

#10 [frontend internal] load build context
#10 DONE 0.0s

#11 [backend internal] load build context
#11 transferring context: 24.09kB 0.0s done
#11 DONE 0.0s

#12 [backend stage-1 1/9] FROM docker.io/library/alpine:3.21@sha256:48b0309ca019d89d40f670aa1bc06e426dc0931948452e8491e3d65087abc07d
#12 resolve docker.io/library/alpine:3.21@sha256:48b0309ca019d89d40f670aa1bc06e426dc0931948452e8491e3d65087abc07d 0.1s done
#12 DONE 0.1s

#13 [backend builder 1/9] FROM docker.io/library/golang:1.25-alpine@sha256:1ae0735f00daffa3aaf1363a5184c0d2dc55c78e3db4ec70241cdac97bf84b59
#13 resolve docker.io/library/golang:1.25-alpine@sha256:1ae0735f00daffa3aaf1363a5184c0d2dc55c78e3db4ec70241cdac97bf84b59 0.1s done
#13 DONE 0.1s

#14 [backend builder 3/9] WORKDIR /app
#14 CACHED

#15 [backend builder 2/9] RUN apk add --no-cache git ca-certificates tzdata
#15 CACHED

#16 [backend builder 4/9] COPY go.mod .
#16 CACHED

#17 [backend builder 5/9] RUN go mod download all
#17 CACHED

#18 [frontend builder 1/6] FROM docker.io/library/node:22-alpine@sha256:c610fcdfb1d5b4740dd70c284ed3cb16bb857e0f7166196e36a5501df7a3aa32
#18 resolve docker.io/library/node:22-alpine@sha256:c610fcdfb1d5b4740dd70c284ed3cb16bb857e0f7166196e36a5501df7a3aa32 0.1s done
#18 DONE 0.1s

#19 [frontend stage-1 1/3] FROM docker.io/library/nginx:1.27-alpine@sha256:65645c7bb6a0661892a8b03b89d0743208a18dd2f3f17a54ef4b76fb8e2f2a10
#19 resolve docker.io/library/nginx:1.27-alpine@sha256:65645c7bb6a0661892a8b03b89d0743208a18dd2f3f17a54ef4b76fb8e2f2a10 0.1s done
#19 DONE 0.1s

#10 [frontend internal] load build context
#10 transferring context: 7.33kB done
#10 DONE 0.0s

#20 [frontend stage-1 2/3] COPY nginx.conf /etc/nginx/conf.d/default.conf
#20 CACHED

#21 [frontend builder 2/6] WORKDIR /app
#21 CACHED

#22 [frontend builder 5/6] COPY . .
#22 CACHED

#23 [frontend builder 3/6] COPY package*.json ./
#23 CACHED

#24 [frontend builder 6/6] RUN npm run build
#24 CACHED

#25 [frontend builder 4/6] RUN npm ci
#25 CACHED

#26 [frontend stage-1 3/3] COPY --from=builder /app/dist /usr/share/nginx/html
#26 CACHED

#27 [backend builder 6/9] COPY . .
#27 DONE 0.1s

#28 [frontend] exporting to image
#28 exporting layers done
#28 exporting manifest sha256:f6fc9a84e64d7052fd7e5c638ddfd63f4b64245ba5177cdd21eb8168fa628029 done
#28 exporting config sha256:aeff6096f677140ea437a27eaa474eaa5c86734f5f7342afd91ddf36eeabddcf done
#28 exporting attestation manifest sha256:e5c63a3c855a387d4632720ff597724633b2ef6465215c0adee7265179684762 0.0s done
#28 exporting manifest list sha256:5ae06bcb62f467a1f674eb0a390261e7dac1acfd629b9894a0004b3cd2e037b1 0.0s done
#28 naming to docker.io/library/ncsintranet-frontend:latest done
#28 unpacking to docker.io/library/ncsintranet-frontend:latest 0.0s done
#28 DONE 0.1s

#29 [frontend] resolving provenance for metadata file
#29 DONE 0.0s

#30 [backend builder 7/9] RUN CGO_ENABLED=0 GOOS=linux GOARCH=amd64 GOGC=50 GOMAXPROCS=2     go build -p 2 -ldflags="-w -s" -o ncsms-backend ./cmd/server
#30 DONE 23.1s

#31 [backend builder 8/9] RUN CGO_ENABLED=0 GOOS=linux GOARCH=amd64 GOGC=50 GOMAXPROCS=2     go build -p 2 -ldflags="-w -s" -o nsmis-worker ./cmd/worker
#31 DONE 0.9s

#32 [backend builder 9/9] RUN CGO_ENABLED=0 GOOS=linux GOARCH=amd64 GOGC=50 GOMAXPROCS=2     go build -p 2 -ldflags="-w -s" -o ncs-ops-agent ./cmd/ops-agent
#32 DONE 0.8s

#33 [backend stage-1 4/9] COPY --from=builder /etc/ssl/certs/ca-certificates.crt /etc/ssl/certs/
#33 CACHED

#34 [backend stage-1 2/9] RUN apk add --no-cache ca-certificates tzdata postgresql16-client rclone docker-cli docker-cli-compose
#34 CACHED

#35 [backend stage-1 3/9] WORKDIR /app
#35 CACHED

#36 [backend stage-1 5/9] COPY --from=builder /usr/share/zoneinfo /usr/share/zoneinfo
#36 CACHED

#37 [backend stage-1 6/9] COPY --from=builder /app/ncsms-backend /ncsms-backend
#37 DONE 0.0s

#38 [backend stage-1 7/9] COPY --from=builder /app/nsmis-worker /nsmis-worker
#38 DONE 0.0s

#39 [backend stage-1 8/9] COPY --from=builder /app/ncs-ops-agent /ncs-ops-agent
#39 DONE 0.0s

#40 [backend stage-1 9/9] COPY VERSION /app/VERSION
#40 DONE 0.0s

#41 [backend] exporting to image
#41 exporting layers
#41 exporting layers 0.7s done
#41 exporting manifest sha256:f8d8713b5f891134d67a7d785a2496fe95eee0778c071ad63cc13d047e299b3f 0.0s done
#41 exporting config sha256:5253caff0ddcb7d09f598631232cfe3ca0d902b0098c93e211be4824bfc1fa03 0.0s done
#41 exporting attestation manifest sha256:681e575d0dfbcd428478e20a063d65e1e3f6a2dfff49e16baba12a6b29cf66cc 0.0s done
#41 exporting manifest list sha256:fab227b3ddb037ba1d61eeafc8b068949b4ed5305d321404765fe809a6e48745 0.0s done
#41 naming to docker.io/library/ncsintranet-backend:latest done
#41 unpacking to docker.io/library/ncsintranet-backend:latest
#41 unpacking to docker.io/library/ncsintranet-backend:latest 0.3s done
#41 DONE 1.1s

#42 [backend] resolving provenance for metadata file
#42 DONE 0.0s
 Image ncsintranet-backend Built 
 Image ncsintranet-frontend Built 
