
> ncsintranet-frontend@1.0.0 build
> vite build

vite v5.4.21 building for production...
transforming...
✓ 296 modules transformed.
rendering chunks...
computing gzip size...
dist/index.html                                                        1.55 kB │ gzip:   0.70 kB
dist/assets/main-logo-CumehH0t.png                                   250.94 kB
dist/assets/SearchableSelect-D0SeLlgI.css                              0.18 kB │ gzip:   0.14 kB
dist/assets/AdminFormsView-Cbd1_bXp.css                                0.21 kB │ gzip:   0.14 kB
dist/assets/SmartUpdatesView-Cv4FNJdX.css                              0.21 kB │ gzip:   0.14 kB
dist/assets/DynamicPortalFormView-BxqAg1K3.css                         0.21 kB │ gzip:   0.14 kB
dist/assets/ITPPDAListView-8DcWFyPH.css                                0.27 kB │ gzip:   0.16 kB
dist/assets/ReceptionistVisitorView-Dil0ZzAX.css                       0.28 kB │ gzip:   0.17 kB
dist/assets/FixedAssetsView-o9OUlML_.css                               0.28 kB │ gzip:   0.21 kB
dist/assets/FixedAssetActionView-C1cVXYBZ.css                          0.32 kB │ gzip:   0.21 kB
dist/assets/LayoutDefault-DR2eR3ty.css                                 0.33 kB │ gzip:   0.24 kB
dist/assets/LoginView-faQAhiN1.css                                     0.43 kB │ gzip:   0.16 kB
dist/assets/StorageSettingsView-B3pmVXXz.css                           0.45 kB │ gzip:   0.26 kB
dist/assets/Modal-scKGzM-G.css                                         0.56 kB │ gzip:   0.19 kB
dist/assets/AdminFormSubmissionsView-CLp0YaHw.css                      0.65 kB │ gzip:   0.20 kB
dist/assets/CMSView-CEub5WdT.css                                       0.76 kB │ gzip:   0.36 kB
dist/assets/BackupsView-CII8aN56.css                                   1.05 kB │ gzip:   0.36 kB
dist/assets/PageBuilderView-BtrA11Cy.css                               1.38 kB │ gzip:   0.46 kB
dist/assets/SystemCommandCenterPanel-CzLcw1zb.css                      1.77 kB │ gzip:   0.51 kB
dist/assets/SecuritySettingsView-D2kXRIFa.css                          1.83 kB │ gzip:   0.52 kB
dist/assets/ExpensePage-DFztyjN4.css                                   2.41 kB │ gzip:   0.78 kB
dist/assets/index-izoQRhOq.css                                       112.07 kB │ gzip:  19.76 kB
dist/assets/ExpensePage-CnzU5oT5.js                                    0.55 kB │ gzip:   0.36 kB
dist/assets/security-ZSi70hss.js                                       1.04 kB │ gzip:   0.46 kB
dist/assets/AcceptOrganisationInviteView-BRolutT1.js                   1.65 kB │ gzip:   0.96 kB
dist/assets/Modal-TcLYsknk.js                                          2.18 kB │ gzip:   1.09 kB
dist/assets/forms-CZhg0My7.js                                          2.39 kB │ gzip:   0.78 kB
dist/assets/ExpenseDetailView-BoMSmLwZ.js                              3.06 kB │ gzip:   1.36 kB
dist/assets/ExpenseCategoriesView-9Q9co17k.js                          3.39 kB │ gzip:   1.51 kB
dist/assets/MyActivitiesView-O2elM4MC.js                               3.71 kB │ gzip:   1.72 kB
dist/assets/cms-CszoSnOb.js                                            4.43 kB │ gzip:   0.99 kB
dist/assets/DropzoneUpload-B1vppe53.js                                 4.65 kB │ gzip:   1.89 kB
dist/assets/ExpenseRegisterView-Dk2kXUXO.js                            5.09 kB │ gzip:   2.00 kB
dist/assets/SearchableSelect-J5z5gHsO.js                               5.16 kB │ gzip:   2.12 kB
dist/assets/HumanResourcesReportView-75rBAK__.js                       5.80 kB │ gzip:   2.14 kB
dist/assets/FinanceAccountsReportView-BxC0nJEn.js                      5.83 kB │ gzip:   2.16 kB
dist/assets/TechnicalSportsReportView-CS7vma55.js                      5.85 kB │ gzip:   2.11 kB
dist/assets/EngineeringReportView-C43X_S8o.js                          5.85 kB │ gzip:   2.15 kB
dist/assets/LegalLogisticsReportView-Sgu6vMrO.js                       5.86 kB │ gzip:   2.15 kB
dist/assets/MedicalScienceReportView-CZJS0JUw.js                       5.88 kB │ gzip:   2.17 kB
dist/assets/GovernanceDashboardView-1JchAi5w.js                        5.92 kB │ gzip:   2.41 kB
dist/assets/ExpenseEntryView-DrZF6qBH.js                               5.93 kB │ gzip:   2.28 kB
dist/assets/InsightsDashboardView-DW0zAQLJ.js                          5.97 kB │ gzip:   2.55 kB
dist/assets/ReceptionistLeaveStatusView-C4Bz3Tgl.js                    6.48 kB │ gzip:   2.40 kB
dist/assets/ReceptionistReportsView-CPmcP-pU.js                        7.21 kB │ gzip:   2.38 kB
dist/assets/SportsMedicalDashboard-CdmRi4nt.js                         8.28 kB │ gzip:   2.70 kB
dist/assets/FleetTransportDashboard-BAL8zUoU.js                        8.32 kB │ gzip:   2.72 kB
dist/assets/FacilitiesManagementDashboard-CcCvxkTy.js                  8.36 kB │ gzip:   2.71 kB
dist/assets/StoresInventoryDashboard-BWTpJ8Ma.js                       8.59 kB │ gzip:   2.82 kB
dist/assets/LegalComplianceDashboard-DhVCEyW4.js                       8.60 kB │ gzip:   2.76 kB
dist/assets/DynamicPortalFormView-C4hvWCNz.js                          9.21 kB │ gzip:   3.34 kB
dist/assets/LoginView-HsWmHkJf.js                                      9.34 kB │ gzip:   3.20 kB
dist/assets/ReportingWorkspaceView-C1kszP2u.js                         9.70 kB │ gzip:   3.45 kB
dist/assets/SecuritySettingsView-BMXzQH-7.js                           9.87 kB │ gzip:   3.42 kB
dist/assets/AdminFormSubmissionsView-YmyypoWl.js                       9.94 kB │ gzip:   3.28 kB
dist/assets/FixedAssetActionView-Dlya0U_N.js                          10.67 kB │ gzip:   3.60 kB
dist/assets/RegisterView-CwG0zg4A.js                                  10.78 kB │ gzip:   3.22 kB
dist/assets/AssistantGeneralSecretaryTechnicalDashboard-Hw9_lB5x.js   10.80 kB │ gzip:   3.53 kB
dist/assets/ApplicantPortalView-COtlr15s.js                           11.63 kB │ gzip:   4.06 kB
dist/assets/BackupsView-CejVhrlV.js                                   11.83 kB │ gzip:   4.18 kB
dist/assets/ApplicationsView-BFSaM4a3.js                              12.04 kB │ gzip:   4.27 kB
dist/assets/AssistantGeneralSecretaryAdminDashboard-Cu2QUYMO.js       12.16 kB │ gzip:   3.71 kB
dist/assets/StorageSettingsView-6ocDU0Vv.js                           12.37 kB │ gzip:   3.49 kB
dist/assets/VisitorInitiateView-CUu7e-fC.js                           12.82 kB │ gzip:   3.50 kB
dist/assets/ProfileView-DR9JB7Xo.js                                   12.96 kB │ gzip:   4.02 kB
dist/assets/GeneralSecretaryAppraisalView-Ck1DMG1y.js                 14.02 kB │ gzip:   3.69 kB
dist/assets/NSMISRegistryView-DICpvZvK.js                             14.16 kB │ gzip:   4.84 kB
dist/assets/SmartUpdatesView-B-zj58zF.js                              14.17 kB │ gzip:   4.48 kB
dist/assets/InfrastructureCommandCenterView-muetLrVX.js               15.31 kB │ gzip:   4.77 kB
dist/assets/RolesView-BAFZgFA0.js                                     15.31 kB │ gzip:   4.94 kB
dist/assets/FixedAssetsView-DRBY31au.js                               17.30 kB │ gzip:   5.38 kB
dist/assets/MaintenanceView-W_Fr4rYR.js                               17.36 kB │ gzip:   5.52 kB
dist/assets/AuditLogsView-DU1dGxEN.js                                 17.76 kB │ gzip:   5.12 kB
dist/assets/ReceptionistVisitorView-CORNdjBu.js                       18.17 kB │ gzip:   5.17 kB
dist/assets/ApplicantLicensePortalView-CbqEzHDm.js                    19.88 kB │ gzip:   5.66 kB
dist/assets/PageBuilderView-kAVFAxS8.js                               20.50 kB │ gzip:   6.91 kB
dist/assets/UsersView-TwCXHxTA.js                                     24.88 kB │ gzip:   7.57 kB
dist/assets/ITPPDAListView-Dje7XYd7.js                                25.14 kB │ gzip:   6.82 kB
dist/assets/ReceptionistLeaveApplyView-D0H5A9cV.js                    31.78 kB │ gzip:   7.07 kB
dist/assets/LayoutDefault-DMFgBJl9.js                                 31.97 kB │ gzip:   7.81 kB
dist/assets/ITPPDAInitiateView-Dy-eEC7p.js                            34.22 kB │ gzip:   8.26 kB
dist/assets/DashboardEntryView-GqIKka5d.js                            54.87 kB │ gzip:  11.04 kB
dist/assets/AdminFormsView-CXW8KGdB.js                                55.69 kB │ gzip:  18.72 kB
dist/assets/sweetalert2.esm.all-C80wueXW.js                           79.01 kB │ gzip:  20.99 kB
dist/assets/index-BASR8ZNo.js                                        181.99 kB │ gzip:  68.38 kB
dist/assets/CMSView-BnAmv-UU.js                                      442.83 kB │ gzip: 120.95 kB
✓ built in 52.12s
