
> ncsintranet-frontend@1.0.0 build
> vite build

vite v5.4.21 building for production...
transforming...
✓ 289 modules transformed.
rendering chunks...
computing gzip size...
dist/index.html                                                        1.55 kB │ gzip:   0.70 kB
dist/assets/main-logo-CumehH0t.png                                   250.94 kB
dist/assets/SearchableSelect-D0SeLlgI.css                              0.18 kB │ gzip:   0.14 kB
dist/assets/AdminFormsView-Cbd1_bXp.css                                0.21 kB │ gzip:   0.14 kB
dist/assets/SmartUpdatesView-Cv4FNJdX.css                              0.21 kB │ gzip:   0.14 kB
dist/assets/DynamicPortalFormView-BxqAg1K3.css                         0.21 kB │ gzip:   0.14 kB
dist/assets/ITPPDAListView-8DcWFyPH.css                                0.27 kB │ gzip:   0.16 kB
dist/assets/ReceptionistVisitorView-Dil0ZzAX.css                       0.28 kB │ gzip:   0.17 kB
dist/assets/FixedAssetsView-o9OUlML_.css                               0.28 kB │ gzip:   0.21 kB
dist/assets/FixedAssetActionView-C1cVXYBZ.css                          0.32 kB │ gzip:   0.21 kB
dist/assets/LayoutDefault-CZmKa3SB.css                                 0.33 kB │ gzip:   0.24 kB
dist/assets/LoginView-faQAhiN1.css                                     0.43 kB │ gzip:   0.16 kB
dist/assets/StorageSettingsView-B3pmVXXz.css                           0.45 kB │ gzip:   0.26 kB
dist/assets/Modal-scKGzM-G.css                                         0.56 kB │ gzip:   0.19 kB
dist/assets/AdminFormSubmissionsView-CLp0YaHw.css                      0.65 kB │ gzip:   0.20 kB
dist/assets/CMSView-CEub5WdT.css                                       0.76 kB │ gzip:   0.36 kB
dist/assets/BackupsView-CII8aN56.css                                   1.05 kB │ gzip:   0.36 kB
dist/assets/PageBuilderView-BtrA11Cy.css                               1.38 kB │ gzip:   0.46 kB
dist/assets/SystemCommandCenterPanel-CzLcw1zb.css                      1.77 kB │ gzip:   0.51 kB
dist/assets/SecuritySettingsView-D2kXRIFa.css                          1.83 kB │ gzip:   0.52 kB
dist/assets/index-izoQRhOq.css                                       112.07 kB │ gzip:  19.76 kB
dist/assets/security-W5d1FfBD.js                                       1.04 kB │ gzip:   0.46 kB
dist/assets/AcceptOrganisationInviteView-DCDTBW-B.js                   1.65 kB │ gzip:   0.95 kB
dist/assets/Modal-KuAUzdSz.js                                          2.18 kB │ gzip:   1.09 kB
dist/assets/forms-DB9XLKOY.js                                          2.39 kB │ gzip:   0.78 kB
dist/assets/MyActivitiesView-D49Krr7c.js                               3.71 kB │ gzip:   1.72 kB
dist/assets/cms-BS_2nQWr.js                                            4.43 kB │ gzip:   0.99 kB
dist/assets/DropzoneUpload-CPLyNIX_.js                                 4.64 kB │ gzip:   1.89 kB
dist/assets/SearchableSelect-D6qNjoZr.js                               5.16 kB │ gzip:   2.11 kB
dist/assets/HumanResourcesReportView-C_LYylRY.js                       5.80 kB │ gzip:   2.14 kB
dist/assets/FinanceAccountsReportView-CpNp70l_.js                      5.84 kB │ gzip:   2.16 kB
dist/assets/TechnicalSportsReportView-CPA1vYfp.js                      5.85 kB │ gzip:   2.11 kB
dist/assets/EngineeringReportView-pT_uiJbF.js                          5.85 kB │ gzip:   2.15 kB
dist/assets/LegalLogisticsReportView-CKJ3PhSL.js                       5.86 kB │ gzip:   2.15 kB
dist/assets/MedicalScienceReportView-CJ0s_LPw.js                       5.88 kB │ gzip:   2.17 kB
dist/assets/GovernanceDashboardView-B8eWWYgD.js                        5.92 kB │ gzip:   2.41 kB
dist/assets/InsightsDashboardView-DPrK4MU0.js                          5.97 kB │ gzip:   2.55 kB
dist/assets/ReceptionistLeaveStatusView-62HsFpsh.js                    6.48 kB │ gzip:   2.40 kB
dist/assets/ReceptionistReportsView-DLAwE__4.js                        7.21 kB │ gzip:   2.38 kB
dist/assets/SportsMedicalDashboard-Sa_T6dVq.js                         8.28 kB │ gzip:   2.71 kB
dist/assets/FleetTransportDashboard-B3OLpUFW.js                        8.32 kB │ gzip:   2.72 kB
dist/assets/FacilitiesManagementDashboard-DGKk-vvS.js                  8.36 kB │ gzip:   2.71 kB
dist/assets/StoresInventoryDashboard-BRySFw03.js                       8.59 kB │ gzip:   2.82 kB
dist/assets/LegalComplianceDashboard-z4wYO-RS.js                       8.59 kB │ gzip:   2.76 kB
dist/assets/DynamicPortalFormView-CKhNpTKE.js                          9.21 kB │ gzip:   3.34 kB
dist/assets/LoginView-N6dvBC_i.js                                      9.34 kB │ gzip:   3.20 kB
dist/assets/ReportingWorkspaceView-BqWPNoQM.js                         9.70 kB │ gzip:   3.45 kB
dist/assets/SecuritySettingsView-CiDIpLz4.js                           9.87 kB │ gzip:   3.42 kB
dist/assets/AdminFormSubmissionsView-CBdfgAqe.js                       9.94 kB │ gzip:   3.28 kB
dist/assets/FixedAssetActionView-I3TJ3_mS.js                          10.67 kB │ gzip:   3.59 kB
dist/assets/RegisterView-B_IywMjl.js                                  10.78 kB │ gzip:   3.22 kB
dist/assets/AssistantGeneralSecretaryTechnicalDashboard-BSLasDC0.js   10.79 kB │ gzip:   3.53 kB
dist/assets/ApplicantPortalView-B1vBH2K8.js                           11.63 kB │ gzip:   4.06 kB
dist/assets/BackupsView-D3YWmXEc.js                                   11.83 kB │ gzip:   4.19 kB
dist/assets/ApplicationsView-N--P31nx.js                              12.04 kB │ gzip:   4.27 kB
dist/assets/AssistantGeneralSecretaryAdminDashboard-DApbEZue.js       12.15 kB │ gzip:   3.70 kB
dist/assets/StorageSettingsView-DxFhBcvI.js                           12.37 kB │ gzip:   3.49 kB
dist/assets/VisitorInitiateView-BnFJF8pr.js                           12.82 kB │ gzip:   3.49 kB
dist/assets/ProfileView-CezEJW6k.js                                   12.96 kB │ gzip:   4.02 kB
dist/assets/GeneralSecretaryAppraisalView-fPRiwsBp.js                 14.02 kB │ gzip:   3.68 kB
dist/assets/NSMISRegistryView-BRXxK8sf.js                             14.16 kB │ gzip:   4.84 kB
dist/assets/SmartUpdatesView-B8ArHAbF.js                              14.17 kB │ gzip:   4.48 kB
dist/assets/InfrastructureCommandCenterView-DpJlS8j7.js               15.30 kB │ gzip:   4.77 kB
dist/assets/RolesView-BjTEqWVL.js                                     15.31 kB │ gzip:   4.94 kB
dist/assets/FixedAssetsView-mkZ6eLQ9.js                               17.30 kB │ gzip:   5.38 kB
dist/assets/MaintenanceView-BQcqw87o.js                               17.36 kB │ gzip:   5.52 kB
dist/assets/AuditLogsView-DM059-YA.js                                 17.76 kB │ gzip:   5.12 kB
dist/assets/ReceptionistVisitorView-DnIQyTYZ.js                       18.17 kB │ gzip:   5.17 kB
dist/assets/ApplicantLicensePortalView-DtdGy3sJ.js                    19.88 kB │ gzip:   5.66 kB
dist/assets/PageBuilderView-yMcrTE_M.js                               20.50 kB │ gzip:   6.91 kB
dist/assets/UsersView-QeLlAQL_.js                                     24.88 kB │ gzip:   7.56 kB
dist/assets/ITPPDAListView-B0Xm61nN.js                                25.14 kB │ gzip:   6.82 kB
dist/assets/LayoutDefault-DEmPnTZr.js                                 30.81 kB │ gzip:   7.57 kB
dist/assets/ReceptionistLeaveApplyView-EgYE-X0j.js                    31.77 kB │ gzip:   7.07 kB
dist/assets/ITPPDAInitiateView-qsxaVhRp.js                            34.22 kB │ gzip:   8.26 kB
dist/assets/DashboardEntryView-BE-yPj4D.js                            54.28 kB │ gzip:  10.83 kB
dist/assets/AdminFormsView-anl-aKYA.js                                55.68 kB │ gzip:  18.72 kB
dist/assets/sweetalert2.esm.all-C80wueXW.js                           79.01 kB │ gzip:  20.99 kB
dist/assets/index-BgPfu2NU.js                                        180.20 kB │ gzip:  67.82 kB
dist/assets/CMSView-hCwXt1mm.js                                      442.83 kB │ gzip: 120.95 kB
✓ built in 21.81s
